Analysis & Synthesis report for Problema_1
Wed Mar 26 11:24:31 2025
Quartus Prime Version 18.1.0 Build 625 09/12/2018 SJ Lite Edition


---------------------
; Table of Contents ;
---------------------
  1. Legal Notice
  2. Analysis & Synthesis Summary
  3. Analysis & Synthesis Settings
  4. Parallel Compilation
  5. Analysis & Synthesis Source Files Read
  6. Analysis & Synthesis Resource Usage Summary
  7. Analysis & Synthesis Resource Utilization by Entity
  8. User-Specified and Inferred Latches
  9. Registers Removed During Synthesis
 10. General Register Statistics
 11. Multiplexer Restructuring Statistics (Restructuring Performed)
 12. Parameter Settings for User Entity Instance: Top-level Entity: |main
 13. Parameter Settings for User Entity Instance: sumador_parametrizable:u_sumador
 14. Parameter Settings for User Entity Instance: restador_nbit:u_restador
 15. Parameter Settings for User Entity Instance: multiplier_nbit:mult_inst
 16. Parameter Settings for User Entity Instance: divisor_nbit:u_divisor
 17. Parameter Settings for User Entity Instance: modulo_nbit:u_modulo
 18. Parameter Settings for User Entity Instance: and_nbit:u_and
 19. Parameter Settings for User Entity Instance: or_nbit:u_or
 20. Parameter Settings for User Entity Instance: xor_nbit:u_xor
 21. Parameter Settings for User Entity Instance: shift_left_nbit:u_shift_left
 22. Parameter Settings for User Entity Instance: shift_right_nbit:u_shift_right
 23. Parameter Settings for Inferred Entity Instance: divisor_nbit:u_divisor|lpm_divide:Div0
 24. Parameter Settings for Inferred Entity Instance: modulo_nbit:u_modulo|lpm_divide:Mod0
 25. Port Connectivity Checks: "BinToBCD:res_converter"
 26. Port Connectivity Checks: "BinToBCD:op_converter"
 27. Port Connectivity Checks: "shift_right_nbit:u_shift_right"
 28. Port Connectivity Checks: "shift_left_nbit:u_shift_left"
 29. Port Connectivity Checks: "modulo_nbit:u_modulo"
 30. Post-Synthesis Netlist Statistics for Top Partition
 31. Elapsed Time Per Partition
 32. Analysis & Synthesis Messages



----------------
; Legal Notice ;
----------------
Copyright (C) 2018  Intel Corporation. All rights reserved.
Your use of Intel Corporation's design tools, logic functions 
and other software and tools, and its AMPP partner logic 
functions, and any output files from any of the foregoing 
(including device programming or simulation files), and any 
associated documentation or information are expressly subject 
to the terms and conditions of the Intel Program License 
Subscription Agreement, the Intel Quartus Prime License Agreement,
the Intel FPGA IP License Agreement, or other applicable license
agreement, including, without limitation, that your use is for
the sole purpose of programming logic devices manufactured by
Intel and sold by Intel or its authorized distributors.  Please
refer to the applicable agreement for further details.



+-------------------------------------------------------------------------------+
; Analysis & Synthesis Summary                                                  ;
+---------------------------------+---------------------------------------------+
; Analysis & Synthesis Status     ; Successful - Wed Mar 26 11:24:31 2025       ;
; Quartus Prime Version           ; 18.1.0 Build 625 09/12/2018 SJ Lite Edition ;
; Revision Name                   ; Problema_1                                  ;
; Top-level Entity Name           ; main                                        ;
; Family                          ; Cyclone V                                   ;
; Logic utilization (in ALMs)     ; N/A                                         ;
; Total registers                 ; 6                                           ;
; Total pins                      ; 67                                          ;
; Total virtual pins              ; 0                                           ;
; Total block memory bits         ; 0                                           ;
; Total DSP Blocks                ; 0                                           ;
; Total HSSI RX PCSs              ; 0                                           ;
; Total HSSI PMA RX Deserializers ; 0                                           ;
; Total HSSI TX PCSs              ; 0                                           ;
; Total HSSI PMA TX Serializers   ; 0                                           ;
; Total PLLs                      ; 0                                           ;
; Total DLLs                      ; 0                                           ;
+---------------------------------+---------------------------------------------+


+---------------------------------------------------------------------------------------------------------------------------+
; Analysis & Synthesis Settings                                                                                             ;
+---------------------------------------------------------------------------------+--------------------+--------------------+
; Option                                                                          ; Setting            ; Default Value      ;
+---------------------------------------------------------------------------------+--------------------+--------------------+
; Device                                                                          ; 5CSXFC6D6F31C6     ;                    ;
; Top-level entity name                                                           ; main               ; Problema_1         ;
; Family name                                                                     ; Cyclone V          ; Cyclone V          ;
; Use smart compilation                                                           ; Off                ; Off                ;
; Enable parallel Assembler and Timing Analyzer during compilation                ; On                 ; On                 ;
; Enable compact report table                                                     ; Off                ; Off                ;
; Restructure Multiplexers                                                        ; Auto               ; Auto               ;
; MLAB Add Timing Constraints For Mixed-Port Feed-Through Mode Setting Don't Care ; Off                ; Off                ;
; Create Debugging Nodes for IP Cores                                             ; Off                ; Off                ;
; Preserve fewer node names                                                       ; On                 ; On                 ;
; Intel FPGA IP Evaluation Mode                                                   ; Enable             ; Enable             ;
; Verilog Version                                                                 ; Verilog_2001       ; Verilog_2001       ;
; VHDL Version                                                                    ; VHDL_1993          ; VHDL_1993          ;
; State Machine Processing                                                        ; Auto               ; Auto               ;
; Safe State Machine                                                              ; Off                ; Off                ;
; Extract Verilog State Machines                                                  ; On                 ; On                 ;
; Extract VHDL State Machines                                                     ; On                 ; On                 ;
; Ignore Verilog initial constructs                                               ; Off                ; Off                ;
; Iteration limit for constant Verilog loops                                      ; 5000               ; 5000               ;
; Iteration limit for non-constant Verilog loops                                  ; 250                ; 250                ;
; Add Pass-Through Logic to Inferred RAMs                                         ; On                 ; On                 ;
; Infer RAMs from Raw Logic                                                       ; On                 ; On                 ;
; Parallel Synthesis                                                              ; On                 ; On                 ;
; DSP Block Balancing                                                             ; Auto               ; Auto               ;
; NOT Gate Push-Back                                                              ; On                 ; On                 ;
; Power-Up Don't Care                                                             ; On                 ; On                 ;
; Remove Redundant Logic Cells                                                    ; Off                ; Off                ;
; Remove Duplicate Registers                                                      ; On                 ; On                 ;
; Ignore CARRY Buffers                                                            ; Off                ; Off                ;
; Ignore CASCADE Buffers                                                          ; Off                ; Off                ;
; Ignore GLOBAL Buffers                                                           ; Off                ; Off                ;
; Ignore ROW GLOBAL Buffers                                                       ; Off                ; Off                ;
; Ignore LCELL Buffers                                                            ; Off                ; Off                ;
; Ignore SOFT Buffers                                                             ; On                 ; On                 ;
; Limit AHDL Integers to 32 Bits                                                  ; Off                ; Off                ;
; Optimization Technique                                                          ; Balanced           ; Balanced           ;
; Carry Chain Length                                                              ; 70                 ; 70                 ;
; Auto Carry Chains                                                               ; On                 ; On                 ;
; Auto Open-Drain Pins                                                            ; On                 ; On                 ;
; Perform WYSIWYG Primitive Resynthesis                                           ; Off                ; Off                ;
; Auto ROM Replacement                                                            ; On                 ; On                 ;
; Auto RAM Replacement                                                            ; On                 ; On                 ;
; Auto DSP Block Replacement                                                      ; On                 ; On                 ;
; Auto Shift Register Replacement                                                 ; Auto               ; Auto               ;
; Allow Shift Register Merging across Hierarchies                                 ; Auto               ; Auto               ;
; Auto Clock Enable Replacement                                                   ; On                 ; On                 ;
; Strict RAM Replacement                                                          ; Off                ; Off                ;
; Allow Synchronous Control Signals                                               ; On                 ; On                 ;
; Force Use of Synchronous Clear Signals                                          ; Off                ; Off                ;
; Auto Resource Sharing                                                           ; Off                ; Off                ;
; Allow Any RAM Size For Recognition                                              ; Off                ; Off                ;
; Allow Any ROM Size For Recognition                                              ; Off                ; Off                ;
; Allow Any Shift Register Size For Recognition                                   ; Off                ; Off                ;
; Use LogicLock Constraints during Resource Balancing                             ; On                 ; On                 ;
; Ignore translate_off and synthesis_off directives                               ; Off                ; Off                ;
; Timing-Driven Synthesis                                                         ; On                 ; On                 ;
; Report Parameter Settings                                                       ; On                 ; On                 ;
; Report Source Assignments                                                       ; On                 ; On                 ;
; Report Connectivity Checks                                                      ; On                 ; On                 ;
; Ignore Maximum Fan-Out Assignments                                              ; Off                ; Off                ;
; Synchronization Register Chain Length                                           ; 3                  ; 3                  ;
; Power Optimization During Synthesis                                             ; Normal compilation ; Normal compilation ;
; HDL message level                                                               ; Level2             ; Level2             ;
; Suppress Register Optimization Related Messages                                 ; Off                ; Off                ;
; Number of Removed Registers Reported in Synthesis Report                        ; 5000               ; 5000               ;
; Number of Swept Nodes Reported in Synthesis Report                              ; 5000               ; 5000               ;
; Number of Inverted Registers Reported in Synthesis Report                       ; 100                ; 100                ;
; Clock MUX Protection                                                            ; On                 ; On                 ;
; Auto Gated Clock Conversion                                                     ; Off                ; Off                ;
; Block Design Naming                                                             ; Auto               ; Auto               ;
; SDC constraint protection                                                       ; Off                ; Off                ;
; Synthesis Effort                                                                ; Auto               ; Auto               ;
; Shift Register Replacement - Allow Asynchronous Clear Signal                    ; On                 ; On                 ;
; Pre-Mapping Resynthesis Optimization                                            ; Off                ; Off                ;
; Analysis & Synthesis Message Level                                              ; Medium             ; Medium             ;
; Disable Register Merging Across Hierarchies                                     ; Auto               ; Auto               ;
; Resource Aware Inference For Block RAM                                          ; On                 ; On                 ;
; Automatic Parallel Synthesis                                                    ; On                 ; On                 ;
; Partial Reconfiguration Bitstream ID                                            ; Off                ; Off                ;
+---------------------------------------------------------------------------------+--------------------+--------------------+


+------------------------------------------+
; Parallel Compilation                     ;
+----------------------------+-------------+
; Processors                 ; Number      ;
+----------------------------+-------------+
; Number detected on machine ; 12          ;
; Maximum allowed            ; 12          ;
;                            ;             ;
; Average used               ; 1.00        ;
; Maximum used               ; 12          ;
;                            ;             ;
; Usage by Processor         ; % Time Used ;
;     Processor 1            ; 100.0%      ;
;     Processors 2-12        ;   0.0%      ;
+----------------------------+-------------+


+----------------------------------------------------------------------------------------------------------------------------------------------------------------------------------------------------------------+
; Analysis & Synthesis Source Files Read                                                                                                                                                                         ;
+----------------------------------+-----------------+------------------------------+------------------------------------------------------------------------------------------------------------------+---------+
; File Name with User-Entered Path ; Used in Netlist ; File Type                    ; File Name with Absolute Path                                                                                     ; Library ;
+----------------------------------+-----------------+------------------------------+------------------------------------------------------------------------------------------------------------------+---------+
; multiplier_nbit.sv               ; yes             ; User SystemVerilog HDL File  ; C:/Users/USER/Documents/TEC/2025/I semestre/TDD/Laboratorios/Laboratorio_2/Problema 1/multiplier_nbit.sv         ;         ;
; restador_nbit.sv                 ; yes             ; User SystemVerilog HDL File  ; C:/Users/USER/Documents/TEC/2025/I semestre/TDD/Laboratorios/Laboratorio_2/Problema 1/restador_nbit.sv           ;         ;
; divisor_nbit.sv                  ; yes             ; User SystemVerilog HDL File  ; C:/Users/USER/Documents/TEC/2025/I semestre/TDD/Laboratorios/Laboratorio_2/Problema 1/divisor_nbit.sv            ;         ;
; and_nbit.sv                      ; yes             ; User SystemVerilog HDL File  ; C:/Users/USER/Documents/TEC/2025/I semestre/TDD/Laboratorios/Laboratorio_2/Problema 1/and_nbit.sv                ;         ;
; or_nbit.sv                       ; yes             ; User SystemVerilog HDL File  ; C:/Users/USER/Documents/TEC/2025/I semestre/TDD/Laboratorios/Laboratorio_2/Problema 1/or_nbit.sv                 ;         ;
; xor_nbit.sv                      ; yes             ; User SystemVerilog HDL File  ; C:/Users/USER/Documents/TEC/2025/I semestre/TDD/Laboratorios/Laboratorio_2/Problema 1/xor_nbit.sv                ;         ;
; shift_right_nbit.sv              ; yes             ; User SystemVerilog HDL File  ; C:/Users/USER/Documents/TEC/2025/I semestre/TDD/Laboratorios/Laboratorio_2/Problema 1/shift_right_nbit.sv        ;         ;
; shift_left_nbit.sv               ; yes             ; User SystemVerilog HDL File  ; C:/Users/USER/Documents/TEC/2025/I semestre/TDD/Laboratorios/Laboratorio_2/Problema 1/shift_left_nbit.sv         ;         ;
; modulo_nbit.sv                   ; yes             ; User SystemVerilog HDL File  ; C:/Users/USER/Documents/TEC/2025/I semestre/TDD/Laboratorios/Laboratorio_2/Problema 1/modulo_nbit.sv             ;         ;
; sumador_parametrizable.sv        ; yes             ; User SystemVerilog HDL File  ; C:/Users/USER/Documents/TEC/2025/I semestre/TDD/Laboratorios/Laboratorio_2/Problema 1/sumador_parametrizable.sv  ;         ;
; seven_segment_driver.sv          ; yes             ; User SystemVerilog HDL File  ; C:/Users/USER/Documents/TEC/2025/I semestre/TDD/Laboratorios/Laboratorio_2/Problema 1/seven_segment_driver.sv    ;         ;
; main.sv                          ; yes             ; User SystemVerilog HDL File  ; C:/Users/USER/Documents/TEC/2025/I semestre/TDD/Laboratorios/Laboratorio_2/Problema 1/main.sv                    ;         ;
; BinToBCD.sv                      ; yes             ; User SystemVerilog HDL File  ; C:/Users/USER/Documents/TEC/2025/I semestre/TDD/Laboratorios/Laboratorio_2/Problema 1/BinToBCD.sv                ;         ;
; lpm_divide.tdf                   ; yes             ; Megafunction                 ; c:/intelfpga_lite/18.1/quartus/libraries/megafunctions/lpm_divide.tdf                                            ;         ;
; abs_divider.inc                  ; yes             ; Megafunction                 ; c:/intelfpga_lite/18.1/quartus/libraries/megafunctions/abs_divider.inc                                           ;         ;
; sign_div_unsign.inc              ; yes             ; Megafunction                 ; c:/intelfpga_lite/18.1/quartus/libraries/megafunctions/sign_div_unsign.inc                                       ;         ;
; aglobal181.inc                   ; yes             ; Megafunction                 ; c:/intelfpga_lite/18.1/quartus/libraries/megafunctions/aglobal181.inc                                            ;         ;
; db/lpm_divide_1am.tdf            ; yes             ; Auto-Generated Megafunction  ; C:/Users/USER/Documents/TEC/2025/I semestre/TDD/Laboratorios/Laboratorio_2/Problema 1/db/lpm_divide_1am.tdf      ;         ;
; db/sign_div_unsign_7kh.tdf       ; yes             ; Auto-Generated Megafunction  ; C:/Users/USER/Documents/TEC/2025/I semestre/TDD/Laboratorios/Laboratorio_2/Problema 1/db/sign_div_unsign_7kh.tdf ;         ;
; db/alt_u_div_kse.tdf             ; yes             ; Auto-Generated Megafunction  ; C:/Users/USER/Documents/TEC/2025/I semestre/TDD/Laboratorios/Laboratorio_2/Problema 1/db/alt_u_div_kse.tdf       ;         ;
; db/lpm_divide_42m.tdf            ; yes             ; Auto-Generated Megafunction  ; C:/Users/USER/Documents/TEC/2025/I semestre/TDD/Laboratorios/Laboratorio_2/Problema 1/db/lpm_divide_42m.tdf      ;         ;
+----------------------------------+-----------------+------------------------------+------------------------------------------------------------------------------------------------------------------+---------+


+-----------------------------------------------------------+
; Analysis & Synthesis Resource Usage Summary               ;
+---------------------------------------------+-------------+
; Resource                                    ; Usage       ;
+---------------------------------------------+-------------+
; Estimate of Logic utilization (ALMs needed) ; 108         ;
;                                             ;             ;
; Combinational ALUT usage for logic          ; 186         ;
;     -- 7 input functions                    ; 13          ;
;     -- 6 input functions                    ; 17          ;
;     -- 5 input functions                    ; 33          ;
;     -- 4 input functions                    ; 58          ;
;     -- <=3 input functions                  ; 65          ;
;                                             ;             ;
; Dedicated logic registers                   ; 6           ;
;                                             ;             ;
; I/O pins                                    ; 67          ;
;                                             ;             ;
; Total DSP Blocks                            ; 0           ;
;                                             ;             ;
; Maximum fan-out node                        ; SW[7]~input ;
; Maximum fan-out                             ; 38          ;
; Total fan-out                               ; 886         ;
; Average fan-out                             ; 2.72        ;
+---------------------------------------------+-------------+


+---------------------------------------------------------------------------------------------------------------------------------------------------------------------------------------------------------------------------------------------------------------------------------------------------------------------------+
; Analysis & Synthesis Resource Utilization by Entity                                                                                                                                                                                                                                                                       ;
+-------------------------------------------+---------------------+---------------------------+-------------------+------------+------+--------------+------------------------------------------------------------------------------------------------------------------------------+------------------------+--------------+
; Compilation Hierarchy Node                ; Combinational ALUTs ; Dedicated Logic Registers ; Block Memory Bits ; DSP Blocks ; Pins ; Virtual Pins ; Full Hierarchy Name                                                                                                          ; Entity Name            ; Library Name ;
+-------------------------------------------+---------------------+---------------------------+-------------------+------------+------+--------------+------------------------------------------------------------------------------------------------------------------------------+------------------------+--------------+
; |main                                     ; 186 (60)            ; 6 (0)                     ; 0                 ; 0          ; 67   ; 0            ; |main                                                                                                                        ; main                   ; work         ;
;    |BinToBCD:res_converter|               ; 1 (1)               ; 0 (0)                     ; 0                 ; 0          ; 0    ; 0            ; |main|BinToBCD:res_converter                                                                                                 ; BinToBCD               ; work         ;
;    |and_nbit:u_and|                       ; 2 (2)               ; 0 (0)                     ; 0                 ; 0          ; 0    ; 0            ; |main|and_nbit:u_and                                                                                                         ; and_nbit               ; work         ;
;    |divisor_nbit:u_divisor|               ; 24 (2)              ; 0 (0)                     ; 0                 ; 0          ; 0    ; 0            ; |main|divisor_nbit:u_divisor                                                                                                 ; divisor_nbit           ; work         ;
;       |lpm_divide:Div0|                   ; 22 (0)              ; 0 (0)                     ; 0                 ; 0          ; 0    ; 0            ; |main|divisor_nbit:u_divisor|lpm_divide:Div0                                                                                 ; lpm_divide             ; work         ;
;          |lpm_divide_1am:auto_generated|  ; 22 (0)              ; 0 (0)                     ; 0                 ; 0          ; 0    ; 0            ; |main|divisor_nbit:u_divisor|lpm_divide:Div0|lpm_divide_1am:auto_generated                                                   ; lpm_divide_1am         ; work         ;
;             |sign_div_unsign_7kh:divider| ; 22 (0)              ; 0 (0)                     ; 0                 ; 0          ; 0    ; 0            ; |main|divisor_nbit:u_divisor|lpm_divide:Div0|lpm_divide_1am:auto_generated|sign_div_unsign_7kh:divider                       ; sign_div_unsign_7kh    ; work         ;
;                |alt_u_div_kse:divider|    ; 22 (22)             ; 0 (0)                     ; 0                 ; 0          ; 0    ; 0            ; |main|divisor_nbit:u_divisor|lpm_divide:Div0|lpm_divide_1am:auto_generated|sign_div_unsign_7kh:divider|alt_u_div_kse:divider ; alt_u_div_kse          ; work         ;
;    |modulo_nbit:u_modulo|                 ; 30 (8)              ; 0 (0)                     ; 0                 ; 0          ; 0    ; 0            ; |main|modulo_nbit:u_modulo                                                                                                   ; modulo_nbit            ; work         ;
;       |lpm_divide:Mod0|                   ; 22 (0)              ; 0 (0)                     ; 0                 ; 0          ; 0    ; 0            ; |main|modulo_nbit:u_modulo|lpm_divide:Mod0                                                                                   ; lpm_divide             ; work         ;
;          |lpm_divide_42m:auto_generated|  ; 22 (0)              ; 0 (0)                     ; 0                 ; 0          ; 0    ; 0            ; |main|modulo_nbit:u_modulo|lpm_divide:Mod0|lpm_divide_42m:auto_generated                                                     ; lpm_divide_42m         ; work         ;
;             |sign_div_unsign_7kh:divider| ; 22 (0)              ; 0 (0)                     ; 0                 ; 0          ; 0    ; 0            ; |main|modulo_nbit:u_modulo|lpm_divide:Mod0|lpm_divide_42m:auto_generated|sign_div_unsign_7kh:divider                         ; sign_div_unsign_7kh    ; work         ;
;                |alt_u_div_kse:divider|    ; 22 (22)             ; 0 (0)                     ; 0                 ; 0          ; 0    ; 0            ; |main|modulo_nbit:u_modulo|lpm_divide:Mod0|lpm_divide_42m:auto_generated|sign_div_unsign_7kh:divider|alt_u_div_kse:divider   ; alt_u_div_kse          ; work         ;
;    |multiplier_nbit:mult_inst|            ; 23 (23)             ; 6 (6)                     ; 0                 ; 0          ; 0    ; 0            ; |main|multiplier_nbit:mult_inst                                                                                              ; multiplier_nbit        ; work         ;
;    |or_nbit:u_or|                         ; 2 (2)               ; 0 (0)                     ; 0                 ; 0          ; 0    ; 0            ; |main|or_nbit:u_or                                                                                                           ; or_nbit                ; work         ;
;    |restador_nbit:u_restador|             ; 6 (6)               ; 0 (0)                     ; 0                 ; 0          ; 0    ; 0            ; |main|restador_nbit:u_restador                                                                                               ; restador_nbit          ; work         ;
;    |seven_segment_driver:seg0|            ; 7 (7)               ; 0 (0)                     ; 0                 ; 0          ; 0    ; 0            ; |main|seven_segment_driver:seg0                                                                                              ; seven_segment_driver   ; work         ;
;    |seven_segment_driver:seg1|            ; 2 (2)               ; 0 (0)                     ; 0                 ; 0          ; 0    ; 0            ; |main|seven_segment_driver:seg1                                                                                              ; seven_segment_driver   ; work         ;
;    |seven_segment_driver:seg2|            ; 7 (7)               ; 0 (0)                     ; 0                 ; 0          ; 0    ; 0            ; |main|seven_segment_driver:seg2                                                                                              ; seven_segment_driver   ; work         ;
;    |seven_segment_driver:seg4|            ; 7 (7)               ; 0 (0)                     ; 0                 ; 0          ; 0    ; 0            ; |main|seven_segment_driver:seg4                                                                                              ; seven_segment_driver   ; work         ;
;    |seven_segment_driver:seg5|            ; 2 (2)               ; 0 (0)                     ; 0                 ; 0          ; 0    ; 0            ; |main|seven_segment_driver:seg5                                                                                              ; seven_segment_driver   ; work         ;
;    |shift_left_nbit:u_shift_left|         ; 5 (5)               ; 0 (0)                     ; 0                 ; 0          ; 0    ; 0            ; |main|shift_left_nbit:u_shift_left                                                                                           ; shift_left_nbit        ; work         ;
;    |shift_right_nbit:u_shift_right|       ; 3 (3)               ; 0 (0)                     ; 0                 ; 0          ; 0    ; 0            ; |main|shift_right_nbit:u_shift_right                                                                                         ; shift_right_nbit       ; work         ;
;    |sumador_parametrizable:u_sumador|     ; 4 (4)               ; 0 (0)                     ; 0                 ; 0          ; 0    ; 0            ; |main|sumador_parametrizable:u_sumador                                                                                       ; sumador_parametrizable ; work         ;
;    |xor_nbit:u_xor|                       ; 1 (1)               ; 0 (0)                     ; 0                 ; 0          ; 0    ; 0            ; |main|xor_nbit:u_xor                                                                                                         ; xor_nbit               ; work         ;
+-------------------------------------------+---------------------+---------------------------+-------------------+------------+------+--------------+------------------------------------------------------------------------------------------------------------------------------+------------------------+--------------+
Note: For table entries with two numbers listed, the numbers in parentheses indicate the number of resources of the given type used by the specific entity alone. The numbers listed outside of parentheses indicate the total resources of the given type used by the specific entity and all of its sub-entities in the hierarchy.


+---------------------------------------------------------------------------------------------------+
; User-Specified and Inferred Latches                                                               ;
+----------------------------------------------------+---------------------+------------------------+
; Latch Name                                         ; Latch Enable Signal ; Free of Timing Hazards ;
+----------------------------------------------------+---------------------+------------------------+
; counter[0]                                         ; KEY[0]              ; yes                    ;
; counter[2]                                         ; KEY[0]              ; yes                    ;
; counter[3]                                         ; KEY[0]              ; yes                    ;
; counter[1]                                         ; KEY[0]              ; yes                    ;
; result[0]                                          ; Decoder0            ; yes                    ;
; result[1]                                          ; Decoder0            ; yes                    ;
; result[3]                                          ; Decoder0            ; yes                    ;
; result[2]                                          ; Decoder0            ; yes                    ;
; Number of user-specified and inferred latches = 8  ;                     ;                        ;
+----------------------------------------------------+---------------------+------------------------+
Note: All latches listed above may not be present at the end of synthesis due to various synthesis optimizations.


+-----------------------------------------------------------------------------------------+
; Registers Removed During Synthesis                                                      ;
+---------------------------------------+-------------------------------------------------+
; Register name                         ; Reason for Removal                              ;
+---------------------------------------+-------------------------------------------------+
; multiplier_nbit:mult_inst|S[8]        ; Stuck at GND due to stuck port data_in          ;
; multiplier_nbit:mult_inst|negative    ; Stuck at GND due to stuck port data_in          ;
; multiplier_nbit:mult_inst|overflow    ; Merged with multiplier_nbit:mult_inst|carry_out ;
; Total Number of Removed Registers = 3 ;                                                 ;
+---------------------------------------+-------------------------------------------------+


+------------------------------------------------------+
; General Register Statistics                          ;
+----------------------------------------------+-------+
; Statistic                                    ; Value ;
+----------------------------------------------+-------+
; Total registers                              ; 6     ;
; Number of registers using Synchronous Clear  ; 0     ;
; Number of registers using Synchronous Load   ; 0     ;
; Number of registers using Asynchronous Clear ; 6     ;
; Number of registers using Asynchronous Load  ; 0     ;
; Number of registers using Clock Enable       ; 0     ;
; Number of registers using Preset             ; 0     ;
+----------------------------------------------+-------+


+----------------------------------------------------------------------------------------------------------------------------------------------------------------+
; Multiplexer Restructuring Statistics (Restructuring Performed)                                                                                                 ;
+--------------------+-----------+---------------+----------------------+------------------------+------------+--------------------------------------------------+
; Multiplexer Inputs ; Bus Width ; Baseline Area ; Area if Restructured ; Saving if Restructured ; Registered ; Example Multiplexer Output                       ;
+--------------------+-----------+---------------+----------------------+------------------------+------------+--------------------------------------------------+
; 3:1                ; 3 bits    ; 6 LEs         ; 6 LEs                ; 0 LEs                  ; No         ; |main|seg_4[3]                                   ;
; 3:1                ; 2 bits    ; 4 LEs         ; 4 LEs                ; 0 LEs                  ; No         ; |main|shift_right_nbit:u_shift_right|ShiftRight0 ;
; 5:1                ; 2 bits    ; 6 LEs         ; 4 LEs                ; 2 LEs                  ; No         ; |main|shift_right_nbit:u_shift_right|ShiftRight0 ;
; 5:1                ; 2 bits    ; 6 LEs         ; 6 LEs                ; 0 LEs                  ; No         ; |main|shift_left_nbit:u_shift_left|ShiftLeft0    ;
; 5:1                ; 2 bits    ; 6 LEs         ; 6 LEs                ; 0 LEs                  ; No         ; |main|shift_left_nbit:u_shift_left|ShiftLeft0    ;
; 7:1                ; 2 bits    ; 8 LEs         ; 8 LEs                ; 0 LEs                  ; No         ; |main|Mux0                                       ;
; 17:1               ; 2 bits    ; 22 LEs        ; 16 LEs               ; 6 LEs                  ; No         ; |main|Mux5                                       ;
+--------------------+-----------+---------------+----------------------+------------------------+------------+--------------------------------------------------+


+----------------------------------------------------------------------+
; Parameter Settings for User Entity Instance: Top-level Entity: |main ;
+----------------+-------+---------------------------------------------+
; Parameter Name ; Value ; Type                                        ;
+----------------+-------+---------------------------------------------+
; N              ; 4     ; Signed Integer                              ;
+----------------+-------+---------------------------------------------+
Note: In order to hide this table in the UI and the text report file, please set the "Show Parameter Settings in Synthesis Report" option in "Analysis and Synthesis Settings -> More Settings" to "Off".


+-------------------------------------------------------------------------------+
; Parameter Settings for User Entity Instance: sumador_parametrizable:u_sumador ;
+----------------+-------+------------------------------------------------------+
; Parameter Name ; Value ; Type                                                 ;
+----------------+-------+------------------------------------------------------+
; WIDTH          ; 4     ; Signed Integer                                       ;
+----------------+-------+------------------------------------------------------+
Note: In order to hide this table in the UI and the text report file, please set the "Show Parameter Settings in Synthesis Report" option in "Analysis and Synthesis Settings -> More Settings" to "Off".


+-----------------------------------------------------------------------+
; Parameter Settings for User Entity Instance: restador_nbit:u_restador ;
+----------------+-------+----------------------------------------------+
; Parameter Name ; Value ; Type                                         ;
+----------------+-------+----------------------------------------------+
; N              ; 4     ; Signed Integer                               ;
+----------------+-------+----------------------------------------------+
Note: In order to hide this table in the UI and the text report file, please set the "Show Parameter Settings in Synthesis Report" option in "Analysis and Synthesis Settings -> More Settings" to "Off".


+------------------------------------------------------------------------+
; Parameter Settings for User Entity Instance: multiplier_nbit:mult_inst ;
+----------------+-------+-----------------------------------------------+
; Parameter Name ; Value ; Type                                          ;
+----------------+-------+-----------------------------------------------+
; N              ; 4     ; Signed Integer                                ;
+----------------+-------+-----------------------------------------------+
Note: In order to hide this table in the UI and the text report file, please set the "Show Parameter Settings in Synthesis Report" option in "Analysis and Synthesis Settings -> More Settings" to "Off".


+---------------------------------------------------------------------+
; Parameter Settings for User Entity Instance: divisor_nbit:u_divisor ;
+----------------+-------+--------------------------------------------+
; Parameter Name ; Value ; Type                                       ;
+----------------+-------+--------------------------------------------+
; N              ; 4     ; Signed Integer                             ;
+----------------+-------+--------------------------------------------+
Note: In order to hide this table in the UI and the text report file, please set the "Show Parameter Settings in Synthesis Report" option in "Analysis and Synthesis Settings -> More Settings" to "Off".


+-------------------------------------------------------------------+
; Parameter Settings for User Entity Instance: modulo_nbit:u_modulo ;
+----------------+-------+------------------------------------------+
; Parameter Name ; Value ; Type                                     ;
+----------------+-------+------------------------------------------+
; N              ; 4     ; Signed Integer                           ;
+----------------+-------+------------------------------------------+
Note: In order to hide this table in the UI and the text report file, please set the "Show Parameter Settings in Synthesis Report" option in "Analysis and Synthesis Settings -> More Settings" to "Off".


+-------------------------------------------------------------+
; Parameter Settings for User Entity Instance: and_nbit:u_and ;
+----------------+-------+------------------------------------+
; Parameter Name ; Value ; Type                               ;
+----------------+-------+------------------------------------+
; N              ; 4     ; Signed Integer                     ;
+----------------+-------+------------------------------------+
Note: In order to hide this table in the UI and the text report file, please set the "Show Parameter Settings in Synthesis Report" option in "Analysis and Synthesis Settings -> More Settings" to "Off".


+-----------------------------------------------------------+
; Parameter Settings for User Entity Instance: or_nbit:u_or ;
+----------------+-------+----------------------------------+
; Parameter Name ; Value ; Type                             ;
+----------------+-------+----------------------------------+
; N              ; 4     ; Signed Integer                   ;
+----------------+-------+----------------------------------+
Note: In order to hide this table in the UI and the text report file, please set the "Show Parameter Settings in Synthesis Report" option in "Analysis and Synthesis Settings -> More Settings" to "Off".


+-------------------------------------------------------------+
; Parameter Settings for User Entity Instance: xor_nbit:u_xor ;
+----------------+-------+------------------------------------+
; Parameter Name ; Value ; Type                               ;
+----------------+-------+------------------------------------+
; N              ; 4     ; Signed Integer                     ;
+----------------+-------+------------------------------------+
Note: In order to hide this table in the UI and the text report file, please set the "Show Parameter Settings in Synthesis Report" option in "Analysis and Synthesis Settings -> More Settings" to "Off".


+---------------------------------------------------------------------------+
; Parameter Settings for User Entity Instance: shift_left_nbit:u_shift_left ;
+----------------+-------+--------------------------------------------------+
; Parameter Name ; Value ; Type                                             ;
+----------------+-------+--------------------------------------------------+
; N              ; 4     ; Signed Integer                                   ;
+----------------+-------+--------------------------------------------------+
Note: In order to hide this table in the UI and the text report file, please set the "Show Parameter Settings in Synthesis Report" option in "Analysis and Synthesis Settings -> More Settings" to "Off".


+-----------------------------------------------------------------------------+
; Parameter Settings for User Entity Instance: shift_right_nbit:u_shift_right ;
+----------------+-------+----------------------------------------------------+
; Parameter Name ; Value ; Type                                               ;
+----------------+-------+----------------------------------------------------+
; N              ; 4     ; Signed Integer                                     ;
+----------------+-------+----------------------------------------------------+
Note: In order to hide this table in the UI and the text report file, please set the "Show Parameter Settings in Synthesis Report" option in "Analysis and Synthesis Settings -> More Settings" to "Off".


+-----------------------------------------------------------------------------------------+
; Parameter Settings for Inferred Entity Instance: divisor_nbit:u_divisor|lpm_divide:Div0 ;
+------------------------+----------------+-----------------------------------------------+
; Parameter Name         ; Value          ; Type                                          ;
+------------------------+----------------+-----------------------------------------------+
; LPM_WIDTHN             ; 4              ; Untyped                                       ;
; LPM_WIDTHD             ; 4              ; Untyped                                       ;
; LPM_NREPRESENTATION    ; UNSIGNED       ; Untyped                                       ;
; LPM_DREPRESENTATION    ; UNSIGNED       ; Untyped                                       ;
; LPM_PIPELINE           ; 0              ; Untyped                                       ;
; LPM_REMAINDERPOSITIVE  ; TRUE           ; Untyped                                       ;
; MAXIMIZE_SPEED         ; 5              ; Untyped                                       ;
; CBXI_PARAMETER         ; lpm_divide_1am ; Untyped                                       ;
; CARRY_CHAIN            ; MANUAL         ; Untyped                                       ;
; OPTIMIZE_FOR_SPEED     ; 5              ; Untyped                                       ;
; AUTO_CARRY_CHAINS      ; ON             ; AUTO_CARRY                                    ;
; IGNORE_CARRY_BUFFERS   ; OFF            ; IGNORE_CARRY                                  ;
; AUTO_CASCADE_CHAINS    ; ON             ; AUTO_CASCADE                                  ;
; IGNORE_CASCADE_BUFFERS ; OFF            ; IGNORE_CASCADE                                ;
+------------------------+----------------+-----------------------------------------------+
Note: In order to hide this table in the UI and the text report file, please set the "Show Parameter Settings in Synthesis Report" option in "Analysis and Synthesis Settings -> More Settings" to "Off".


+---------------------------------------------------------------------------------------+
; Parameter Settings for Inferred Entity Instance: modulo_nbit:u_modulo|lpm_divide:Mod0 ;
+------------------------+----------------+---------------------------------------------+
; Parameter Name         ; Value          ; Type                                        ;
+------------------------+----------------+---------------------------------------------+
; LPM_WIDTHN             ; 4              ; Untyped                                     ;
; LPM_WIDTHD             ; 4              ; Untyped                                     ;
; LPM_NREPRESENTATION    ; UNSIGNED       ; Untyped                                     ;
; LPM_DREPRESENTATION    ; UNSIGNED       ; Untyped                                     ;
; LPM_PIPELINE           ; 0              ; Untyped                                     ;
; LPM_REMAINDERPOSITIVE  ; TRUE           ; Untyped                                     ;
; MAXIMIZE_SPEED         ; 5              ; Untyped                                     ;
; CBXI_PARAMETER         ; lpm_divide_42m ; Untyped                                     ;
; CARRY_CHAIN            ; MANUAL         ; Untyped                                     ;
; OPTIMIZE_FOR_SPEED     ; 5              ; Untyped                                     ;
; AUTO_CARRY_CHAINS      ; ON             ; AUTO_CARRY                                  ;
; IGNORE_CARRY_BUFFERS   ; OFF            ; IGNORE_CARRY                                ;
; AUTO_CASCADE_CHAINS    ; ON             ; AUTO_CASCADE                                ;
; IGNORE_CASCADE_BUFFERS ; OFF            ; IGNORE_CASCADE                              ;
+------------------------+----------------+---------------------------------------------+
Note: In order to hide this table in the UI and the text report file, please set the "Show Parameter Settings in Synthesis Report" option in "Analysis and Synthesis Settings -> More Settings" to "Off".


+---------------------------------------------------------------------------------------------------------------------+
; Port Connectivity Checks: "BinToBCD:res_converter"                                                                  ;
+-----------+--------+----------+-------------------------------------------------------------------------------------+
; Port      ; Type   ; Severity ; Details                                                                             ;
+-----------+--------+----------+-------------------------------------------------------------------------------------+
; bcd[3..0] ; Output ; Info     ; Connected to dangling logic. Logic that only feeds a dangling port will be removed. ;
+-----------+--------+----------+-------------------------------------------------------------------------------------+


+---------------------------------------------------------------------------------------------------------------------+
; Port Connectivity Checks: "BinToBCD:op_converter"                                                                   ;
+-----------+--------+----------+-------------------------------------------------------------------------------------+
; Port      ; Type   ; Severity ; Details                                                                             ;
+-----------+--------+----------+-------------------------------------------------------------------------------------+
; bcd[3..0] ; Output ; Info     ; Connected to dangling logic. Logic that only feeds a dangling port will be removed. ;
+-----------+--------+----------+-------------------------------------------------------------------------------------+


+--------------------------------------------------------------------------------------------------------------------------------------------------------------------------------------------------------------------+
; Port Connectivity Checks: "shift_right_nbit:u_shift_right"                                                                                                                                                         ;
+--------------+-------+----------+----------------------------------------------------------------------------------------------------------------------------------------------------------------------------------+
; Port         ; Type  ; Severity ; Details                                                                                                                                                                          ;
+--------------+-------+----------+----------------------------------------------------------------------------------------------------------------------------------------------------------------------------------+
; shift_amount ; Input ; Warning  ; Input port expression (4 bits) is wider than the input port (3 bits) it drives.  The 1 most-significant bit(s) in the expression will be dangling if they have no other fanouts. ;
+--------------+-------+----------+----------------------------------------------------------------------------------------------------------------------------------------------------------------------------------+


+--------------------------------------------------------------------------------------------------------------------------------------------------------------------------------------------------------------------+
; Port Connectivity Checks: "shift_left_nbit:u_shift_left"                                                                                                                                                           ;
+--------------+-------+----------+----------------------------------------------------------------------------------------------------------------------------------------------------------------------------------+
; Port         ; Type  ; Severity ; Details                                                                                                                                                                          ;
+--------------+-------+----------+----------------------------------------------------------------------------------------------------------------------------------------------------------------------------------+
; shift_amount ; Input ; Warning  ; Input port expression (4 bits) is wider than the input port (3 bits) it drives.  The 1 most-significant bit(s) in the expression will be dangling if they have no other fanouts. ;
+--------------+-------+----------+----------------------------------------------------------------------------------------------------------------------------------------------------------------------------------+


+----------------------------------------------------------------------------------------------------------------+
; Port Connectivity Checks: "modulo_nbit:u_modulo"                                                               ;
+------+--------+----------+-------------------------------------------------------------------------------------+
; Port ; Type   ; Severity ; Details                                                                             ;
+------+--------+----------+-------------------------------------------------------------------------------------+
; neg  ; Output ; Info     ; Connected to dangling logic. Logic that only feeds a dangling port will be removed. ;
+------+--------+----------+-------------------------------------------------------------------------------------+


+-----------------------------------------------------+
; Post-Synthesis Netlist Statistics for Top Partition ;
+-----------------------+-----------------------------+
; Type                  ; Count                       ;
+-----------------------+-----------------------------+
; arriav_ff             ; 6                           ;
;     CLR               ; 6                           ;
; arriav_lcell_comb     ; 194                         ;
;     arith             ; 32                          ;
;         0 data inputs ; 8                           ;
;         1 data inputs ; 1                           ;
;         2 data inputs ; 3                           ;
;         3 data inputs ; 7                           ;
;         4 data inputs ; 2                           ;
;         5 data inputs ; 11                          ;
;     extend            ; 13                          ;
;         7 data inputs ; 13                          ;
;     normal            ; 131                         ;
;         0 data inputs ; 2                           ;
;         1 data inputs ; 6                           ;
;         2 data inputs ; 11                          ;
;         3 data inputs ; 23                          ;
;         4 data inputs ; 50                          ;
;         5 data inputs ; 22                          ;
;         6 data inputs ; 17                          ;
;     shared            ; 18                          ;
;         0 data inputs ; 6                           ;
;         2 data inputs ; 6                           ;
;         4 data inputs ; 6                           ;
; boundary_port         ; 67                          ;
;                       ;                             ;
; Max LUT depth         ; 12.50                       ;
; Average LUT depth     ; 7.17                        ;
+-----------------------+-----------------------------+


+-------------------------------+
; Elapsed Time Per Partition    ;
+----------------+--------------+
; Partition Name ; Elapsed Time ;
+----------------+--------------+
; Top            ; 00:00:00     ;
+----------------+--------------+


+-------------------------------+
; Analysis & Synthesis Messages ;
+-------------------------------+
Info: *******************************************************************
Info: Running Quartus Prime Analysis & Synthesis
    Info: Version 18.1.0 Build 625 09/12/2018 SJ Lite Edition
    Info: Processing started: Wed Mar 26 11:24:23 2025
Info: Command: quartus_map --read_settings_files=on --write_settings_files=off Problema_1 -c Problema_1
Warning (18236): Number of processors has not been specified which may cause overloading on shared machines.  Set the global assignment NUM_PARALLEL_PROCESSORS in your QSF to an appropriate value for best performance.
Info (20030): Parallel compilation is enabled and will use 12 of the 12 processors detected
Info (12021): Found 1 design units, including 1 entities, in source file multiplier_nbit_tb.sv
    Info (12023): Found entity 1: multiplier_nbit_tb File: C:/Users/USER/Documents/TEC/2025/I semestre/TDD/Laboratorios/Laboratorio_2/Problema 1/multiplier_nbit_tb.sv Line: 1
Info (12021): Found 1 design units, including 1 entities, in source file multiplier_nbit.sv
    Info (12023): Found entity 1: multiplier_nbit File: C:/Users/USER/Documents/TEC/2025/I semestre/TDD/Laboratorios/Laboratorio_2/Problema 1/multiplier_nbit.sv Line: 1
Info (12021): Found 1 design units, including 1 entities, in source file restador_1bit.sv
    Info (12023): Found entity 1: restador_1bit File: C:/Users/USER/Documents/TEC/2025/I semestre/TDD/Laboratorios/Laboratorio_2/Problema 1/restador_1bit.sv Line: 1
Info (12021): Found 1 design units, including 1 entities, in source file restador_nbit.sv
    Info (12023): Found entity 1: restador_nbit File: C:/Users/USER/Documents/TEC/2025/I semestre/TDD/Laboratorios/Laboratorio_2/Problema 1/restador_nbit.sv Line: 1
Info (12021): Found 1 design units, including 1 entities, in source file top_module.sv
    Info (12023): Found entity 1: top_module File: C:/Users/USER/Documents/TEC/2025/I semestre/TDD/Laboratorios/Laboratorio_2/Problema 1/top_module.sv Line: 1
Info (12021): Found 1 design units, including 1 entities, in source file tb_top_module.sv
    Info (12023): Found entity 1: tb_top_module File: C:/Users/USER/Documents/TEC/2025/I semestre/TDD/Laboratorios/Laboratorio_2/Problema 1/tb_top_module.sv Line: 1
Info (12021): Found 1 design units, including 1 entities, in source file divisor_nbit.sv
    Info (12023): Found entity 1: divisor_nbit File: C:/Users/USER/Documents/TEC/2025/I semestre/TDD/Laboratorios/Laboratorio_2/Problema 1/divisor_nbit.sv Line: 1
Info (12021): Found 1 design units, including 1 entities, in source file and_nbit.sv
    Info (12023): Found entity 1: and_nbit File: C:/Users/USER/Documents/TEC/2025/I semestre/TDD/Laboratorios/Laboratorio_2/Problema 1/and_nbit.sv Line: 1
Info (12021): Found 1 design units, including 1 entities, in source file or_nbit.sv
    Info (12023): Found entity 1: or_nbit File: C:/Users/USER/Documents/TEC/2025/I semestre/TDD/Laboratorios/Laboratorio_2/Problema 1/or_nbit.sv Line: 1
Info (12021): Found 1 design units, including 1 entities, in source file xor_nbit.sv
    Info (12023): Found entity 1: xor_nbit File: C:/Users/USER/Documents/TEC/2025/I semestre/TDD/Laboratorios/Laboratorio_2/Problema 1/xor_nbit.sv Line: 1
Info (12021): Found 1 design units, including 1 entities, in source file shift_right_nbit.sv
    Info (12023): Found entity 1: shift_right_nbit File: C:/Users/USER/Documents/TEC/2025/I semestre/TDD/Laboratorios/Laboratorio_2/Problema 1/shift_right_nbit.sv Line: 1
Info (12021): Found 1 design units, including 1 entities, in source file shift_left_nbit.sv
    Info (12023): Found entity 1: shift_left_nbit File: C:/Users/USER/Documents/TEC/2025/I semestre/TDD/Laboratorios/Laboratorio_2/Problema 1/shift_left_nbit.sv Line: 1
Info (12021): Found 1 design units, including 1 entities, in source file modulo_nbit.sv
    Info (12023): Found entity 1: modulo_nbit File: C:/Users/USER/Documents/TEC/2025/I semestre/TDD/Laboratorios/Laboratorio_2/Problema 1/modulo_nbit.sv Line: 1
Info (12021): Found 1 design units, including 1 entities, in source file sumador_parametrizable.sv
    Info (12023): Found entity 1: sumador_parametrizable File: C:/Users/USER/Documents/TEC/2025/I semestre/TDD/Laboratorios/Laboratorio_2/Problema 1/sumador_parametrizable.sv Line: 1
Info (12021): Found 1 design units, including 1 entities, in source file seven_segment_driver.sv
    Info (12023): Found entity 1: seven_segment_driver File: C:/Users/USER/Documents/TEC/2025/I semestre/TDD/Laboratorios/Laboratorio_2/Problema 1/seven_segment_driver.sv Line: 1
Info (12021): Found 1 design units, including 1 entities, in source file main.sv
    Info (12023): Found entity 1: main File: C:/Users/USER/Documents/TEC/2025/I semestre/TDD/Laboratorios/Laboratorio_2/Problema 1/main.sv Line: 1
Info (12021): Found 1 design units, including 1 entities, in source file bintobcd.sv
    Info (12023): Found entity 1: BinToBCD File: C:/Users/USER/Documents/TEC/2025/I semestre/TDD/Laboratorios/Laboratorio_2/Problema 1/BinToBCD.sv Line: 2
Warning (10236): Verilog HDL Implicit Net warning at main.sv(45): created implicit net for "cin_Add" File: C:/Users/USER/Documents/TEC/2025/I semestre/TDD/Laboratorios/Laboratorio_2/Problema 1/main.sv Line: 45
Warning (10236): Verilog HDL Implicit Net warning at main.sv(47): created implicit net for "C_add" File: C:/Users/USER/Documents/TEC/2025/I semestre/TDD/Laboratorios/Laboratorio_2/Problema 1/main.sv Line: 47
Info (12127): Elaborating entity "main" for the top level hierarchy
Warning (10230): Verilog HDL assignment warning at main.sv(164): truncated value with size 32 to match size of target (4) File: C:/Users/USER/Documents/TEC/2025/I semestre/TDD/Laboratorios/Laboratorio_2/Problema 1/main.sv Line: 164
Warning (10240): Verilog HDL Always Construct warning at main.sv(157): inferring latch(es) for variable "counter", which holds its previous value in one or more paths through the always construct File: C:/Users/USER/Documents/TEC/2025/I semestre/TDD/Laboratorios/Laboratorio_2/Problema 1/main.sv Line: 157
Warning (10240): Verilog HDL Always Construct warning at main.sv(157): inferring latch(es) for variable "result", which holds its previous value in one or more paths through the always construct File: C:/Users/USER/Documents/TEC/2025/I semestre/TDD/Laboratorios/Laboratorio_2/Problema 1/main.sv Line: 157
Warning (10034): Output port "LEDR[9..4]" at main.sv(12) has no driver File: C:/Users/USER/Documents/TEC/2025/I semestre/TDD/Laboratorios/Laboratorio_2/Problema 1/main.sv Line: 12
Info (10041): Inferred latch for "result[0]" at main.sv(157) File: C:/Users/USER/Documents/TEC/2025/I semestre/TDD/Laboratorios/Laboratorio_2/Problema 1/main.sv Line: 157
Info (10041): Inferred latch for "result[1]" at main.sv(157) File: C:/Users/USER/Documents/TEC/2025/I semestre/TDD/Laboratorios/Laboratorio_2/Problema 1/main.sv Line: 157
Info (10041): Inferred latch for "result[2]" at main.sv(157) File: C:/Users/USER/Documents/TEC/2025/I semestre/TDD/Laboratorios/Laboratorio_2/Problema 1/main.sv Line: 157
Info (10041): Inferred latch for "result[3]" at main.sv(157) File: C:/Users/USER/Documents/TEC/2025/I semestre/TDD/Laboratorios/Laboratorio_2/Problema 1/main.sv Line: 157
Info (10041): Inferred latch for "counter[0]" at main.sv(162) File: C:/Users/USER/Documents/TEC/2025/I semestre/TDD/Laboratorios/Laboratorio_2/Problema 1/main.sv Line: 162
Info (10041): Inferred latch for "counter[1]" at main.sv(162) File: C:/Users/USER/Documents/TEC/2025/I semestre/TDD/Laboratorios/Laboratorio_2/Problema 1/main.sv Line: 162
Info (10041): Inferred latch for "counter[2]" at main.sv(162) File: C:/Users/USER/Documents/TEC/2025/I semestre/TDD/Laboratorios/Laboratorio_2/Problema 1/main.sv Line: 162
Info (10041): Inferred latch for "counter[3]" at main.sv(162) File: C:/Users/USER/Documents/TEC/2025/I semestre/TDD/Laboratorios/Laboratorio_2/Problema 1/main.sv Line: 162
Info (12128): Elaborating entity "sumador_parametrizable" for hierarchy "sumador_parametrizable:u_sumador" File: C:/Users/USER/Documents/TEC/2025/I semestre/TDD/Laboratorios/Laboratorio_2/Problema 1/main.sv Line: 49
Info (12128): Elaborating entity "restador_nbit" for hierarchy "restador_nbit:u_restador" File: C:/Users/USER/Documents/TEC/2025/I semestre/TDD/Laboratorios/Laboratorio_2/Problema 1/main.sv Line: 60
Warning (10230): Verilog HDL assignment warning at restador_nbit.sv(11): truncated value with size 32 to match size of target (4) File: C:/Users/USER/Documents/TEC/2025/I semestre/TDD/Laboratorios/Laboratorio_2/Problema 1/restador_nbit.sv Line: 11
Info (12128): Elaborating entity "multiplier_nbit" for hierarchy "multiplier_nbit:mult_inst" File: C:/Users/USER/Documents/TEC/2025/I semestre/TDD/Laboratorios/Laboratorio_2/Problema 1/main.sv Line: 72
Info (12128): Elaborating entity "divisor_nbit" for hierarchy "divisor_nbit:u_divisor" File: C:/Users/USER/Documents/TEC/2025/I semestre/TDD/Laboratorios/Laboratorio_2/Problema 1/main.sv Line: 81
Info (12128): Elaborating entity "modulo_nbit" for hierarchy "modulo_nbit:u_modulo" File: C:/Users/USER/Documents/TEC/2025/I semestre/TDD/Laboratorios/Laboratorio_2/Problema 1/main.sv Line: 89
Info (12128): Elaborating entity "and_nbit" for hierarchy "and_nbit:u_and" File: C:/Users/USER/Documents/TEC/2025/I semestre/TDD/Laboratorios/Laboratorio_2/Problema 1/main.sv Line: 97
Info (12128): Elaborating entity "or_nbit" for hierarchy "or_nbit:u_or" File: C:/Users/USER/Documents/TEC/2025/I semestre/TDD/Laboratorios/Laboratorio_2/Problema 1/main.sv Line: 105
Info (12128): Elaborating entity "xor_nbit" for hierarchy "xor_nbit:u_xor" File: C:/Users/USER/Documents/TEC/2025/I semestre/TDD/Laboratorios/Laboratorio_2/Problema 1/main.sv Line: 113
Info (12128): Elaborating entity "shift_left_nbit" for hierarchy "shift_left_nbit:u_shift_left" File: C:/Users/USER/Documents/TEC/2025/I semestre/TDD/Laboratorios/Laboratorio_2/Problema 1/main.sv Line: 121
Info (12128): Elaborating entity "shift_right_nbit" for hierarchy "shift_right_nbit:u_shift_right" File: C:/Users/USER/Documents/TEC/2025/I semestre/TDD/Laboratorios/Laboratorio_2/Problema 1/main.sv Line: 129
Info (12128): Elaborating entity "seven_segment_driver" for hierarchy "seven_segment_driver:seg0" File: C:/Users/USER/Documents/TEC/2025/I semestre/TDD/Laboratorios/Laboratorio_2/Problema 1/main.sv Line: 141
Info (12128): Elaborating entity "BinToBCD" for hierarchy "BinToBCD:op_converter" File: C:/Users/USER/Documents/TEC/2025/I semestre/TDD/Laboratorios/Laboratorio_2/Problema 1/main.sv Line: 153
Warning (10230): Verilog HDL assignment warning at BinToBCD.sv(25): truncated value with size 32 to match size of target (4) File: C:/Users/USER/Documents/TEC/2025/I semestre/TDD/Laboratorios/Laboratorio_2/Problema 1/BinToBCD.sv Line: 25
Info (278001): Inferred 2 megafunctions from design logic
    Info (278004): Inferred divider/modulo megafunction ("lpm_divide") from the following logic: "divisor_nbit:u_divisor|Div0" File: C:/Users/USER/Documents/TEC/2025/I semestre/TDD/Laboratorios/Laboratorio_2/Problema 1/divisor_nbit.sv Line: 11
    Info (278004): Inferred divider/modulo megafunction ("lpm_divide") from the following logic: "modulo_nbit:u_modulo|Mod0" File: C:/Users/USER/Documents/TEC/2025/I semestre/TDD/Laboratorios/Laboratorio_2/Problema 1/modulo_nbit.sv Line: 11
Info (12130): Elaborated megafunction instantiation "divisor_nbit:u_divisor|lpm_divide:Div0" File: C:/Users/USER/Documents/TEC/2025/I semestre/TDD/Laboratorios/Laboratorio_2/Problema 1/divisor_nbit.sv Line: 11
Info (12133): Instantiated megafunction "divisor_nbit:u_divisor|lpm_divide:Div0" with the following parameter: File: C:/Users/USER/Documents/TEC/2025/I semestre/TDD/Laboratorios/Laboratorio_2/Problema 1/divisor_nbit.sv Line: 11
    Info (12134): Parameter "LPM_WIDTHN" = "4"
    Info (12134): Parameter "LPM_WIDTHD" = "4"
    Info (12134): Parameter "LPM_NREPRESENTATION" = "UNSIGNED"
    Info (12134): Parameter "LPM_DREPRESENTATION" = "UNSIGNED"
Info (12021): Found 1 design units, including 1 entities, in source file db/lpm_divide_1am.tdf
    Info (12023): Found entity 1: lpm_divide_1am File: C:/Users/USER/Documents/TEC/2025/I semestre/TDD/Laboratorios/Laboratorio_2/Problema 1/db/lpm_divide_1am.tdf Line: 24
Info (12021): Found 1 design units, including 1 entities, in source file db/sign_div_unsign_7kh.tdf
    Info (12023): Found entity 1: sign_div_unsign_7kh File: C:/Users/USER/Documents/TEC/2025/I semestre/TDD/Laboratorios/Laboratorio_2/Problema 1/db/sign_div_unsign_7kh.tdf Line: 24
Info (12021): Found 1 design units, including 1 entities, in source file db/alt_u_div_kse.tdf
    Info (12023): Found entity 1: alt_u_div_kse File: C:/Users/USER/Documents/TEC/2025/I semestre/TDD/Laboratorios/Laboratorio_2/Problema 1/db/alt_u_div_kse.tdf Line: 22
Info (12130): Elaborated megafunction instantiation "modulo_nbit:u_modulo|lpm_divide:Mod0" File: C:/Users/USER/Documents/TEC/2025/I semestre/TDD/Laboratorios/Laboratorio_2/Problema 1/modulo_nbit.sv Line: 11
Info (12133): Instantiated megafunction "modulo_nbit:u_modulo|lpm_divide:Mod0" with the following parameter: File: C:/Users/USER/Documents/TEC/2025/I semestre/TDD/Laboratorios/Laboratorio_2/Problema 1/modulo_nbit.sv Line: 11
    Info (12134): Parameter "LPM_WIDTHN" = "4"
    Info (12134): Parameter "LPM_WIDTHD" = "4"
    Info (12134): Parameter "LPM_NREPRESENTATION" = "UNSIGNED"
    Info (12134): Parameter "LPM_DREPRESENTATION" = "UNSIGNED"
Info (12021): Found 1 design units, including 1 entities, in source file db/lpm_divide_42m.tdf
    Info (12023): Found entity 1: lpm_divide_42m File: C:/Users/USER/Documents/TEC/2025/I semestre/TDD/Laboratorios/Laboratorio_2/Problema 1/db/lpm_divide_42m.tdf Line: 24
Warning (12241): 2 hierarchies have connectivity warnings - see the Connectivity Checks report folder
Warning (13024): Output pins are stuck at VCC or GND
    Warning (13410): Pin "LEDR[4]" is stuck at GND File: C:/Users/USER/Documents/TEC/2025/I semestre/TDD/Laboratorios/Laboratorio_2/Problema 1/main.sv Line: 12
    Warning (13410): Pin "LEDR[5]" is stuck at GND File: C:/Users/USER/Documents/TEC/2025/I semestre/TDD/Laboratorios/Laboratorio_2/Problema 1/main.sv Line: 12
    Warning (13410): Pin "LEDR[6]" is stuck at GND File: C:/Users/USER/Documents/TEC/2025/I semestre/TDD/Laboratorios/Laboratorio_2/Problema 1/main.sv Line: 12
    Warning (13410): Pin "LEDR[7]" is stuck at GND File: C:/Users/USER/Documents/TEC/2025/I semestre/TDD/Laboratorios/Laboratorio_2/Problema 1/main.sv Line: 12
    Warning (13410): Pin "LEDR[8]" is stuck at GND File: C:/Users/USER/Documents/TEC/2025/I semestre/TDD/Laboratorios/Laboratorio_2/Problema 1/main.sv Line: 12
    Warning (13410): Pin "LEDR[9]" is stuck at GND File: C:/Users/USER/Documents/TEC/2025/I semestre/TDD/Laboratorios/Laboratorio_2/Problema 1/main.sv Line: 12
    Warning (13410): Pin "HEX1[6]" is stuck at VCC File: C:/Users/USER/Documents/TEC/2025/I semestre/TDD/Laboratorios/Laboratorio_2/Problema 1/main.sv Line: 16
    Warning (13410): Pin "HEX3[3]" is stuck at GND File: C:/Users/USER/Documents/TEC/2025/I semestre/TDD/Laboratorios/Laboratorio_2/Problema 1/main.sv Line: 18
    Warning (13410): Pin "HEX3[6]" is stuck at VCC File: C:/Users/USER/Documents/TEC/2025/I semestre/TDD/Laboratorios/Laboratorio_2/Problema 1/main.sv Line: 18
    Warning (13410): Pin "HEX5[6]" is stuck at VCC File: C:/Users/USER/Documents/TEC/2025/I semestre/TDD/Laboratorios/Laboratorio_2/Problema 1/main.sv Line: 21
Info (286030): Timing-Driven Synthesis is running
Info (16010): Generating hard_block partition "hard_block:auto_generated_inst"
    Info (16011): Adding 0 node(s), including 0 DDIO, 0 PLL, 0 transceiver and 0 LCELL
Warning (21074): Design contains 4 input pin(s) that do not drive logic
    Warning (15610): No output dependent on input pin "KEY[1]" File: C:/Users/USER/Documents/TEC/2025/I semestre/TDD/Laboratorios/Laboratorio_2/Problema 1/main.sv Line: 6
    Warning (15610): No output dependent on input pin "KEY[2]" File: C:/Users/USER/Documents/TEC/2025/I semestre/TDD/Laboratorios/Laboratorio_2/Problema 1/main.sv Line: 6
    Warning (15610): No output dependent on input pin "KEY[3]" File: C:/Users/USER/Documents/TEC/2025/I semestre/TDD/Laboratorios/Laboratorio_2/Problema 1/main.sv Line: 6
    Warning (15610): No output dependent on input pin "SW[8]" File: C:/Users/USER/Documents/TEC/2025/I semestre/TDD/Laboratorios/Laboratorio_2/Problema 1/main.sv Line: 9
Info (21057): Implemented 256 device resources after synthesis - the final resource count might be different
    Info (21058): Implemented 15 input pins
    Info (21059): Implemented 52 output pins
    Info (21061): Implemented 189 logic cells
Info: Quartus Prime Analysis & Synthesis was successful. 0 errors, 26 warnings
    Info: Peak virtual memory: 4871 megabytes
    Info: Processing ended: Wed Mar 26 11:24:31 2025
    Info: Elapsed time: 00:00:08
    Info: Total CPU time (on all processors): 00:00:17


